Downloading https://services.gradle.org/distributions/gradle-8.2.1-all.zip
..................10%..................20%...................30%..................40%...................50%..................60%..................70%...................80%..................90%...................100%

Welcome to Gradle 8.2.1!

Here are the highlights of this release:
 - Kotlin DSL: new reference documentation, assignment syntax by default
 - Kotlin DSL is now the default with Gradle init
 - Improved suggestions to resolve errors in console output
 - Reduced sync memory consumption

For more details see https://docs.gradle.org/8.2.1/release-notes.html

To honour the JVM settings for this build a single-use Daemon process will be forked. For more on this, please refer to https://docs.gradle.org/8.2.1/userguide/gradle_daemon.html#sec:disabling_the_daemon in the Gradle documentation.
Daemon will be stopped at the end of the build 

> Configure project :app
WARNING: Using flatDir should be avoided because it doesn't support any meta-data formats.

> Configure project :capacitor-cordova-android-plugins
WARNING: Using flatDir should be avoided because it doesn't support any meta-data formats.

> Task :app:preBuild UP-TO-DATE
> Task :app:preDebugBuild UP-TO-DATE
> Task :app:mergeDebugNativeDebugMetadata NO-SOURCE
> Task :capacitor-android:preBuild UP-TO-DATE
> Task :capacitor-android:preDebugBuild UP-TO-DATE
> Task :app:javaPreCompileDebug
> Task :capacitor-android:writeDebugAarMetadata
> Task :capacitor-app:preBuild UP-TO-DATE
> Task :capacitor-app:preDebugBuild UP-TO-DATE
> Task :capacitor-cordova-android-plugins:preBuild UP-TO-DATE
> Task :capacitor-cordova-android-plugins:preDebugBuild UP-TO-DATE
> Task :capacitor-app:writeDebugAarMetadata
> Task :capacitor-filesystem:preBuild UP-TO-DATE
> Task :capacitor-cordova-android-plugins:writeDebugAarMetadata
> Task :capacitor-filesystem:preDebugBuild UP-TO-DATE
> Task :capacitor-haptics:preBuild UP-TO-DATE
> Task :capacitor-haptics:preDebugBuild UP-TO-DATE
> Task :capacitor-filesystem:writeDebugAarMetadata
> Task :capacitor-local-notifications:preBuild UP-TO-DATE
> Task :capacitor-local-notifications:preDebugBuild UP-TO-DATE
> Task :capacitor-haptics:writeDebugAarMetadata
> Task :capacitor-preferences:preBuild UP-TO-DATE
> Task :capacitor-preferences:preDebugBuild UP-TO-DATE
> Task :capacitor-preferences:writeDebugAarMetadata
> Task :capacitor-share:preBuild UP-TO-DATE
> Task :capacitor-share:preDebugBuild UP-TO-DATE
> Task :capacitor-local-notifications:writeDebugAarMetadata
> Task :capacitor-status-bar:preBuild UP-TO-DATE
> Task :capacitor-status-bar:preDebugBuild UP-TO-DATE
> Task :capacitor-status-bar:writeDebugAarMetadata
> Task :capgo-capacitor-native-biometric:preBuild UP-TO-DATE
> Task :capgo-capacitor-native-biometric:preDebugBuild UP-TO-DATE
> Task :capacitor-share:writeDebugAarMetadata
> Task :app:generateDebugResValues
> Task :capacitor-android:generateDebugResValues
> Task :capacitor-android:generateDebugResources
> Task :capgo-capacitor-native-biometric:writeDebugAarMetadata
> Task :capacitor-android:packageDebugResources
> Task :capacitor-app:generateDebugResValues
> Task :capacitor-app:generateDebugResources
> Task :capacitor-app:packageDebugResources
> Task :app:checkDebugAarMetadata
> Task :capacitor-cordova-android-plugins:generateDebugResValues
> Task :capacitor-cordova-android-plugins:generateDebugResources
> Task :capacitor-cordova-android-plugins:packageDebugResources
> Task :capacitor-filesystem:generateDebugResValues
> Task :capacitor-filesystem:generateDebugResources
> Task :capacitor-filesystem:packageDebugResources
> Task :capacitor-haptics:generateDebugResValues
> Task :capacitor-haptics:generateDebugResources
> Task :capacitor-haptics:packageDebugResources
> Task :capacitor-local-notifications:generateDebugResValues
> Task :capacitor-local-notifications:generateDebugResources
> Task :capacitor-local-notifications:packageDebugResources
> Task :capacitor-preferences:generateDebugResValues
> Task :capacitor-preferences:generateDebugResources
> Task :capacitor-preferences:packageDebugResources
> Task :capacitor-share:generateDebugResValues
> Task :capacitor-share:generateDebugResources
> Task :capacitor-share:packageDebugResources
> Task :capacitor-status-bar:generateDebugResValues
> Task :capacitor-status-bar:generateDebugResources
> Task :capacitor-status-bar:packageDebugResources
> Task :capgo-capacitor-native-biometric:generateDebugResValues
> Task :capgo-capacitor-native-biometric:generateDebugResources
> Task :capgo-capacitor-native-biometric:packageDebugResources
> Task :app:mapDebugSourceSetPaths
> Task :app:generateDebugResources
> Task :app:packageDebugResources
> Task :app:createDebugCompatibleScreenManifests
> Task :app:extractDeepLinksDebug
> Task :capacitor-android:extractDeepLinksDebug
> Task :capacitor-app:extractDeepLinksDebug
> Task :app:parseDebugLocalResources
> Task :capacitor-cordova-android-plugins:extractDeepLinksDebug
> Task :capacitor-app:processDebugManifest
> Task :capacitor-android:processDebugManifest
> Task :capacitor-filesystem:extractDeepLinksDebug
> Task :capacitor-haptics:extractDeepLinksDebug
> Task :capacitor-cordova-android-plugins:processDebugManifest
> Task :capacitor-filesystem:processDebugManifest
> Task :capacitor-local-notifications:extractDeepLinksDebug
> Task :capacitor-haptics:processDebugManifest
> Task :capacitor-preferences:extractDeepLinksDebug
> Task :capacitor-local-notifications:processDebugManifest
> Task :capacitor-share:extractDeepLinksDebug
> Task :capacitor-preferences:processDebugManifest
> Task :capacitor-share:processDebugManifest
> Task :capacitor-status-bar:extractDeepLinksDebug
> Task :capacitor-status-bar:processDebugManifest
> Task :capgo-capacitor-native-biometric:extractDeepLinksDebug
> Task :capgo-capacitor-native-biometric:processDebugManifest
> Task :app:mergeDebugResources
> Task :capacitor-android:compileDebugLibraryResources
> Task :app:processDebugMainManifest
> Task :app:processDebugManifest
> Task :capacitor-app:compileDebugLibraryResources
> Task :app:processDebugManifestForPackage
> Task :capacitor-android:parseDebugLocalResources
> Task :capacitor-cordova-android-plugins:compileDebugLibraryResources
> Task :capacitor-app:parseDebugLocalResources
> Task :capacitor-filesystem:compileDebugLibraryResources
> Task :capacitor-cordova-android-plugins:parseDebugLocalResources
> Task :capacitor-filesystem:parseDebugLocalResources
> Task :capacitor-cordova-android-plugins:generateDebugRFile
> Task :capacitor-app:generateDebugRFile
> Task :capacitor-android:generateDebugRFile
> Task :capacitor-haptics:compileDebugLibraryResources
> Task :capacitor-filesystem:generateDebugRFile
> Task :capacitor-local-notifications:compileDebugLibraryResources
> Task :capacitor-haptics:parseDebugLocalResources
> Task :capacitor-preferences:compileDebugLibraryResources
> Task :capacitor-local-notifications:parseDebugLocalResources
> Task :capacitor-preferences:parseDebugLocalResources
> Task :capacitor-local-notifications:generateDebugRFile
> Task :capacitor-haptics:generateDebugRFile
> Task :capacitor-preferences:generateDebugRFile
> Task :capacitor-share:compileDebugLibraryResources
> Task :capacitor-share:parseDebugLocalResources
> Task :capacitor-status-bar:compileDebugLibraryResources
> Task :capacitor-share:generateDebugRFile
> Task :capacitor-status-bar:parseDebugLocalResources
> Task :capgo-capacitor-native-biometric:compileDebugLibraryResources
> Task :capacitor-android:javaPreCompileDebug
> Task :capacitor-app:javaPreCompileDebug
> Task :capacitor-status-bar:generateDebugRFile
> Task :capgo-capacitor-native-biometric:parseDebugLocalResources

> Task :capacitor-android:compileDebugJavaWithJavac
Note: Some input files use unchecked or unsafe operations.
Note: Recompile with -Xlint:unchecked for details.

> Task :capgo-capacitor-native-biometric:generateDebugRFile
> Task :capacitor-cordova-android-plugins:javaPreCompileDebug
> Task :capacitor-android:bundleLibCompileToJarDebug
> Task :capacitor-app:compileDebugJavaWithJavac
> Task :capacitor-app:bundleLibCompileToJarDebug
> Task :capacitor-cordova-android-plugins:compileDebugJavaWithJavac NO-SOURCE
> Task :capacitor-cordova-android-plugins:bundleLibCompileToJarDebug
> Task :capacitor-filesystem:javaPreCompileDebug
> Task :capacitor-haptics:javaPreCompileDebug
> Task :capacitor-local-notifications:javaPreCompileDebug
> Task :capacitor-filesystem:compileDebugJavaWithJavac
> Task :capacitor-filesystem:bundleLibCompileToJarDebug
> Task :capacitor-haptics:compileDebugJavaWithJavac
> Task :capacitor-haptics:bundleLibCompileToJarDebug
> Task :app:processDebugResources
> Task :capacitor-local-notifications:compileDebugJavaWithJavac
> Task :capacitor-local-notifications:bundleLibCompileToJarDebug
> Task :capacitor-preferences:javaPreCompileDebug
> Task :capacitor-share:javaPreCompileDebug
> Task :capacitor-preferences:compileDebugJavaWithJavac
> Task :capacitor-preferences:bundleLibCompileToJarDebug
> Task :capacitor-share:compileDebugJavaWithJavac
> Task :capacitor-share:bundleLibCompileToJarDebug
> Task :capacitor-status-bar:javaPreCompileDebug
> Task :capacitor-status-bar:compileDebugJavaWithJavac
> Task :capacitor-status-bar:bundleLibCompileToJarDebug
> Task :capgo-capacitor-native-biometric:javaPreCompileDebug
> Task :app:mergeDebugShaders

> Task :capgo-capacitor-native-biometric:compileDebugJavaWithJavac
Note: Some input files use or override a deprecated API.
Note: Recompile with -Xlint:deprecation for details.

> Task :app:compileDebugShaders NO-SOURCE
> Task :app:generateDebugAssets UP-TO-DATE
> Task :capgo-capacitor-native-biometric:bundleLibCompileToJarDebug
> Task :capacitor-android:mergeDebugShaders
> Task :app:compileDebugJavaWithJavac
> Task :capacitor-android:compileDebugShaders NO-SOURCE
> Task :capacitor-android:generateDebugAssets UP-TO-DATE
> Task :capacitor-android:packageDebugAssets
> Task :capacitor-app:mergeDebugShaders
> Task :capacitor-app:compileDebugShaders NO-SOURCE
> Task :capacitor-app:generateDebugAssets UP-TO-DATE
> Task :capacitor-app:packageDebugAssets
> Task :capacitor-cordova-android-plugins:mergeDebugShaders
> Task :capacitor-cordova-android-plugins:compileDebugShaders NO-SOURCE
> Task :capacitor-cordova-android-plugins:generateDebugAssets UP-TO-DATE
> Task :capacitor-cordova-android-plugins:packageDebugAssets
> Task :capacitor-filesystem:mergeDebugShaders
> Task :capacitor-filesystem:compileDebugShaders NO-SOURCE
> Task :capacitor-filesystem:generateDebugAssets UP-TO-DATE
> Task :capacitor-filesystem:packageDebugAssets
> Task :capacitor-haptics:mergeDebugShaders
> Task :capacitor-haptics:compileDebugShaders NO-SOURCE
> Task :capacitor-haptics:generateDebugAssets UP-TO-DATE
> Task :capacitor-haptics:packageDebugAssets
> Task :capacitor-local-notifications:mergeDebugShaders
> Task :capacitor-local-notifications:compileDebugShaders NO-SOURCE
> Task :capacitor-local-notifications:generateDebugAssets UP-TO-DATE
> Task :capacitor-local-notifications:packageDebugAssets
> Task :capacitor-preferences:mergeDebugShaders
> Task :capacitor-preferences:compileDebugShaders NO-SOURCE
> Task :capacitor-preferences:generateDebugAssets UP-TO-DATE
> Task :capacitor-preferences:packageDebugAssets
> Task :capacitor-share:mergeDebugShaders
> Task :capacitor-share:compileDebugShaders NO-SOURCE
> Task :capacitor-share:generateDebugAssets UP-TO-DATE
> Task :capacitor-share:packageDebugAssets
> Task :capacitor-status-bar:mergeDebugShaders
> Task :capacitor-status-bar:compileDebugShaders NO-SOURCE
> Task :capacitor-status-bar:generateDebugAssets UP-TO-DATE
> Task :capacitor-status-bar:packageDebugAssets
> Task :capgo-capacitor-native-biometric:mergeDebugShaders
> Task :capgo-capacitor-native-biometric:compileDebugShaders NO-SOURCE
> Task :capgo-capacitor-native-biometric:generateDebugAssets UP-TO-DATE
> Task :capgo-capacitor-native-biometric:packageDebugAssets
> Task :app:mergeDebugAssets
> Task :capacitor-local-notifications:bundleLibRuntimeToJarDebug
> Task :app:compressDebugAssets
> Task :capacitor-android:bundleLibRuntimeToJarDebug
> Task :capacitor-filesystem:bundleLibRuntimeToJarDebug
> Task :capacitor-share:bundleLibRuntimeToJarDebug
> Task :capacitor-preferences:bundleLibRuntimeToJarDebug
> Task :capacitor-haptics:bundleLibRuntimeToJarDebug
> Task :capacitor-status-bar:bundleLibRuntimeToJarDebug
> Task :capacitor-app:bundleLibRuntimeToJarDebug
> Task :capgo-capacitor-native-biometric:bundleLibRuntimeToJarDebug
> Task :capacitor-cordova-android-plugins:bundleLibRuntimeToJarDebug
> Task :app:desugarDebugFileDependencies
> Task :app:dexBuilderDebug
> Task :app:processDebugJavaRes NO-SOURCE
> Task :capacitor-android:processDebugJavaRes NO-SOURCE
> Task :capacitor-app:processDebugJavaRes NO-SOURCE
> Task :capacitor-cordova-android-plugins:processDebugJavaRes NO-SOURCE
> Task :capacitor-filesystem:processDebugJavaRes NO-SOURCE
> Task :capacitor-haptics:processDebugJavaRes NO-SOURCE
> Task :capacitor-local-notifications:processDebugJavaRes NO-SOURCE
> Task :capacitor-preferences:processDebugJavaRes NO-SOURCE
> Task :capacitor-share:processDebugJavaRes NO-SOURCE
> Task :capacitor-status-bar:processDebugJavaRes NO-SOURCE
> Task :capgo-capacitor-native-biometric:processDebugJavaRes NO-SOURCE
> Task :app:mergeDebugJavaResource
> Task :app:mergeDebugGlobalSynthetics
> Task :app:mergeDebugJniLibFolders
> Task :capacitor-android:mergeDebugJniLibFolders
> Task :capacitor-android:mergeDebugNativeLibs NO-SOURCE
> Task :capacitor-app:mergeDebugJniLibFolders
> Task :capacitor-app:mergeDebugNativeLibs NO-SOURCE
> Task :capacitor-android:copyDebugJniLibsProjectOnly
> Task :capacitor-app:copyDebugJniLibsProjectOnly
> Task :capacitor-cordova-android-plugins:mergeDebugJniLibFolders
> Task :capacitor-cordova-android-plugins:mergeDebugNativeLibs NO-SOURCE
> Task :app:checkDebugDuplicateClasses
> Task :capacitor-cordova-android-plugins:copyDebugJniLibsProjectOnly
> Task :capacitor-filesystem:mergeDebugJniLibFolders
> Task :capacitor-filesystem:mergeDebugNativeLibs NO-SOURCE
> Task :capacitor-filesystem:copyDebugJniLibsProjectOnly
> Task :capacitor-haptics:mergeDebugJniLibFolders
> Task :capacitor-haptics:mergeDebugNativeLibs NO-SOURCE
> Task :capacitor-haptics:copyDebugJniLibsProjectOnly
> Task :app:mergeLibDexDebug
> Task :capacitor-local-notifications:mergeDebugJniLibFolders
> Task :capacitor-local-notifications:mergeDebugNativeLibs NO-SOURCE
> Task :capacitor-local-notifications:copyDebugJniLibsProjectOnly
> Task :capacitor-preferences:mergeDebugJniLibFolders
> Task :capacitor-preferences:mergeDebugNativeLibs NO-SOURCE
> Task :capacitor-preferences:copyDebugJniLibsProjectOnly
> Task :capacitor-share:mergeDebugJniLibFolders
> Task :capacitor-share:mergeDebugNativeLibs NO-SOURCE
> Task :capacitor-share:copyDebugJniLibsProjectOnly
> Task :capacitor-status-bar:mergeDebugJniLibFolders
> Task :capacitor-status-bar:mergeDebugNativeLibs NO-SOURCE
> Task :capacitor-status-bar:copyDebugJniLibsProjectOnly
> Task :capgo-capacitor-native-biometric:mergeDebugJniLibFolders
> Task :capgo-capacitor-native-biometric:mergeDebugNativeLibs NO-SOURCE
> Task :capgo-capacitor-native-biometric:copyDebugJniLibsProjectOnly
> Task :app:mergeProjectDexDebug
> Task :app:validateSigningDebug
> Task :app:mergeDebugNativeLibs NO-SOURCE
> Task :app:stripDebugDebugSymbols NO-SOURCE
> Task :app:writeDebugAppMetadata
> Task :app:writeDebugSigningConfigVersions
> Task :capacitor-android:stripDebugDebugSymbols NO-SOURCE
> Task :capacitor-android:copyDebugJniLibsProjectAndLocalJars
> Task :app:mergeExtDexDebug
> Task :capacitor-android:extractDebugAnnotations
> Task :capacitor-android:extractDeepLinksForAarDebug
> Task :capacitor-android:mergeDebugGeneratedProguardFiles
> Task :capacitor-android:mergeDebugConsumerProguardFiles
> Task :capacitor-android:prepareDebugArtProfile
> Task :capacitor-android:prepareLintJarForPublish
> Task :capacitor-app:stripDebugDebugSymbols NO-SOURCE
> Task :capacitor-app:copyDebugJniLibsProjectAndLocalJars
> Task :capacitor-android:mergeDebugJavaResource
> Task :capacitor-app:extractDebugAnnotations
> Task :capacitor-android:syncDebugLibJars
> Task :capacitor-android:bundleDebugAar
> Task :capacitor-android:assembleDebug
> Task :capacitor-app:extractDeepLinksForAarDebug
> Task :capacitor-app:mergeDebugGeneratedProguardFiles
> Task :capacitor-app:mergeDebugConsumerProguardFiles
> Task :capacitor-app:prepareDebugArtProfile
> Task :capacitor-app:prepareLintJarForPublish
> Task :capacitor-cordova-android-plugins:stripDebugDebugSymbols NO-SOURCE
> Task :capacitor-app:mergeDebugJavaResource
> Task :capacitor-cordova-android-plugins:copyDebugJniLibsProjectAndLocalJars
> Task :capacitor-app:syncDebugLibJars
> Task :capacitor-app:bundleDebugAar
> Task :capacitor-app:assembleDebug
> Task :capacitor-cordova-android-plugins:extractDebugAnnotations
> Task :capacitor-cordova-android-plugins:extractDeepLinksForAarDebug
> Task :capacitor-cordova-android-plugins:mergeDebugGeneratedProguardFiles
> Task :capacitor-cordova-android-plugins:mergeDebugConsumerProguardFiles
> Task :capacitor-cordova-android-plugins:prepareDebugArtProfile
> Task :app:packageDebug
> Task :app:createDebugApkListingFileRedirect
> Task :app:assembleDebug
> Task :capacitor-cordova-android-plugins:prepareLintJarForPublish
> Task :capacitor-filesystem:stripDebugDebugSymbols NO-SOURCE
> Task :capacitor-cordova-android-plugins:mergeDebugJavaResource
> Task :capacitor-filesystem:copyDebugJniLibsProjectAndLocalJars
> Task :capacitor-filesystem:extractDebugAnnotations
> Task :capacitor-cordova-android-plugins:syncDebugLibJars
> Task :capacitor-cordova-android-plugins:bundleDebugAar
> Task :capacitor-cordova-android-plugins:assembleDebug
> Task :capacitor-filesystem:extractDeepLinksForAarDebug
> Task :capacitor-filesystem:mergeDebugGeneratedProguardFiles
> Task :capacitor-filesystem:mergeDebugConsumerProguardFiles
> Task :capacitor-filesystem:prepareDebugArtProfile
> Task :capacitor-filesystem:prepareLintJarForPublish
> Task :capacitor-haptics:stripDebugDebugSymbols NO-SOURCE
> Task :capacitor-filesystem:mergeDebugJavaResource
> Task :capacitor-haptics:copyDebugJniLibsProjectAndLocalJars
> Task :capacitor-filesystem:syncDebugLibJars
> Task :capacitor-filesystem:bundleDebugAar
> Task :capacitor-filesystem:assembleDebug
> Task :capacitor-haptics:extractDebugAnnotations
> Task :capacitor-haptics:extractDeepLinksForAarDebug
> Task :capacitor-haptics:mergeDebugGeneratedProguardFiles
> Task :capacitor-haptics:mergeDebugConsumerProguardFiles
> Task :capacitor-haptics:prepareDebugArtProfile
> Task :capacitor-haptics:prepareLintJarForPublish
> Task :capacitor-local-notifications:stripDebugDebugSymbols NO-SOURCE
> Task :capacitor-haptics:mergeDebugJavaResource
> Task :capacitor-local-notifications:copyDebugJniLibsProjectAndLocalJars
> Task :capacitor-haptics:syncDebugLibJars
> Task :capacitor-haptics:bundleDebugAar
> Task :capacitor-haptics:assembleDebug
> Task :capacitor-local-notifications:extractDebugAnnotations
> Task :capacitor-local-notifications:extractDeepLinksForAarDebug
> Task :capacitor-local-notifications:mergeDebugGeneratedProguardFiles
> Task :capacitor-local-notifications:mergeDebugConsumerProguardFiles
> Task :capacitor-local-notifications:prepareDebugArtProfile
> Task :capacitor-local-notifications:prepareLintJarForPublish
> Task :capacitor-preferences:stripDebugDebugSymbols NO-SOURCE
> Task :capacitor-local-notifications:mergeDebugJavaResource
> Task :capacitor-preferences:copyDebugJniLibsProjectAndLocalJars
> Task :capacitor-local-notifications:syncDebugLibJars
> Task :capacitor-local-notifications:bundleDebugAar
> Task :capacitor-local-notifications:assembleDebug
> Task :capacitor-preferences:extractDebugAnnotations
> Task :capacitor-preferences:extractDeepLinksForAarDebug
> Task :capacitor-preferences:mergeDebugGeneratedProguardFiles
> Task :capacitor-preferences:mergeDebugConsumerProguardFiles
> Task :capacitor-preferences:prepareDebugArtProfile
> Task :capacitor-preferences:prepareLintJarForPublish
> Task :capacitor-share:stripDebugDebugSymbols NO-SOURCE
> Task :capacitor-preferences:mergeDebugJavaResource
> Task :capacitor-share:copyDebugJniLibsProjectAndLocalJars
> Task :capacitor-preferences:syncDebugLibJars
> Task :capacitor-preferences:bundleDebugAar
> Task :capacitor-preferences:assembleDebug
> Task :capacitor-share:extractDebugAnnotations
> Task :capacitor-share:extractDeepLinksForAarDebug
> Task :capacitor-share:mergeDebugGeneratedProguardFiles
> Task :capacitor-share:mergeDebugConsumerProguardFiles
> Task :capacitor-share:prepareDebugArtProfile
> Task :capacitor-share:prepareLintJarForPublish
> Task :capacitor-share:mergeDebugJavaResource
> Task :capacitor-status-bar:stripDebugDebugSymbols NO-SOURCE
> Task :capacitor-share:syncDebugLibJars
> Task :capacitor-share:bundleDebugAar
> Task :capacitor-share:assembleDebug
> Task :capacitor-status-bar:copyDebugJniLibsProjectAndLocalJars
> Task :capacitor-status-bar:extractDebugAnnotations
> Task :capacitor-status-bar:extractDeepLinksForAarDebug
> Task :capacitor-status-bar:mergeDebugGeneratedProguardFiles
> Task :capacitor-status-bar:mergeDebugConsumerProguardFiles
> Task :capacitor-status-bar:prepareDebugArtProfile
> Task :capacitor-status-bar:prepareLintJarForPublish
> Task :capgo-capacitor-native-biometric:stripDebugDebugSymbols NO-SOURCE
> Task :capacitor-status-bar:mergeDebugJavaResource
> Task :capgo-capacitor-native-biometric:copyDebugJniLibsProjectAndLocalJars
> Task :capacitor-status-bar:syncDebugLibJars
> Task :capacitor-status-bar:bundleDebugAar
> Task :capacitor-status-bar:assembleDebug
> Task :capgo-capacitor-native-biometric:extractDebugAnnotations
> Task :capgo-capacitor-native-biometric:extractDeepLinksForAarDebug
> Task :capgo-capacitor-native-biometric:mergeDebugGeneratedProguardFiles
> Task :capgo-capacitor-native-biometric:mergeDebugConsumerProguardFiles
> Task :capgo-capacitor-native-biometric:prepareDebugArtProfile
> Task :capgo-capacitor-native-biometric:prepareLintJarForPublish
> Task :capgo-capacitor-native-biometric:mergeDebugJavaResource
> Task :capgo-capacitor-native-biometric:syncDebugLibJars
> Task :capgo-capacitor-native-biometric:bundleDebugAar
> Task :capgo-capacitor-native-biometric:assembleDebug

BUILD SUCCESSFUL in 1m 38s
290 actionable tasks: 290 executed
